  Determining projects to restore...
C:\Users\amrgh\znet\personalportfolio\personalportfolio\personalportfolio.csproj : warning NU1510: PackageReference Microsoft.AspNetCore.Components.Web will not be pruned. Consider removing this package from your dependencies, as it is likely unnecessary.
  All projects are up-to-date for restore.
C:\Users\amrgh\znet\personalportfolio\personalportfolio\personalportfolio.csproj : warning NU1510: PackageReference Microsoft.AspNetCore.Components.Web will not be pruned. Consider removing this package from your dependencies, as it is likely unnecessary.
C:\Program Files\dotnet\sdk\10.0.202\Microsoft.Common.CurrentVersion.targets(5395,5): warning MSB3026: Could not copy "C:\Users\amrgh\znet\personalportfolio\personalportfolio\obj\Debug\net10.0\apphost.exe" to "bin\Debug\net10.0\personalportfolio.exe". Beginning retry 1 in 1000ms. The process cannot access the file 'C:\Users\amrgh\znet\personalportfolio\personalportfolio\bin\Debug\net10.0\personalportfolio.exe' because it is being used by another process. The file is locked by: "personalportfolio (39240)" [C:\Users\amrgh\znet\personalportfolio\personalportfolio\personalportfolio.csproj]
C:\Program Files\dotnet\sdk\10.0.202\Microsoft.Common.CurrentVersion.targets(5395,5): warning MSB3026: Could not copy "C:\Users\amrgh\znet\personalportfolio\personalportfolio\obj\Debug\net10.0\apphost.exe" to "bin\Debug\net10.0\personalportfolio.exe". Beginning retry 2 in 1000ms. The process cannot access the file 'C:\Users\amrgh\znet\personalportfolio\personalportfolio\bin\Debug\net10.0\personalportfolio.exe' because it is being used by another process. The file is locked by: "personalportfolio (39240)" [C:\Users\amrgh\znet\personalportfolio\personalportfolio\personalportfolio.csproj]
C:\Program Files\dotnet\sdk\10.0.202\Microsoft.Common.CurrentVersion.targets(5395,5): warning MSB3026: Could not copy "C:\Users\amrgh\znet\personalportfolio\personalportfolio\obj\Debug\net10.0\apphost.exe" to "bin\Debug\net10.0\personalportfolio.exe". Beginning retry 3 in 1000ms. The process cannot access the file 'C:\Users\amrgh\znet\personalportfolio\personalportfolio\bin\Debug\net10.0\personalportfolio.exe' because it is being used by another process. The file is locked by: "personalportfolio (39240)" [C:\Users\amrgh\znet\personalportfolio\personalportfolio\personalportfolio.csproj]
C:\Program Files\dotnet\sdk\10.0.202\Microsoft.Common.CurrentVersion.targets(5395,5): warning MSB3026: Could not copy "C:\Users\amrgh\znet\personalportfolio\personalportfolio\obj\Debug\net10.0\apphost.exe" to "bin\Debug\net10.0\personalportfolio.exe". Beginning retry 4 in 1000ms. The process cannot access the file 'C:\Users\amrgh\znet\personalportfolio\personalportfolio\bin\Debug\net10.0\personalportfolio.exe' because it is being used by another process. The file is locked by: "personalportfolio (39240)" [C:\Users\amrgh\znet\personalportfolio\personalportfolio\personalportfolio.csproj]
C:\Program Files\dotnet\sdk\10.0.202\Microsoft.Common.CurrentVersion.targets(5395,5): warning MSB3026: Could not copy "C:\Users\amrgh\znet\personalportfolio\personalportfolio\obj\Debug\net10.0\apphost.exe" to "bin\Debug\net10.0\personalportfolio.exe". Beginning retry 5 in 1000ms. The process cannot access the file 'C:\Users\amrgh\znet\personalportfolio\personalportfolio\bin\Debug\net10.0\personalportfolio.exe' because it is being used by another process. The file is locked by: "personalportfolio (39240)" [C:\Users\amrgh\znet\personalportfolio\personalportfolio\personalportfolio.csproj]
C:\Program Files\dotnet\sdk\10.0.202\Microsoft.Common.CurrentVersion.targets(5395,5): warning MSB3026: Could not copy "C:\Users\amrgh\znet\personalportfolio\personalportfolio\obj\Debug\net10.0\apphost.exe" to "bin\Debug\net10.0\personalportfolio.exe". Beginning retry 6 in 1000ms. The process cannot access the file 'C:\Users\amrgh\znet\personalportfolio\personalportfolio\bin\Debug\net10.0\personalportfolio.exe' because it is being used by another process. The file is locked by: "personalportfolio (39240)" [C:\Users\amrgh\znet\personalportfolio\personalportfolio\personalportfolio.csproj]
C:\Program Files\dotnet\sdk\10.0.202\Microsoft.Common.CurrentVersion.targets(5395,5): warning MSB3026: Could not copy "C:\Users\amrgh\znet\personalportfolio\personalportfolio\obj\Debug\net10.0\apphost.exe" to "bin\Debug\net10.0\personalportfolio.exe". Beginning retry 7 in 1000ms. The process cannot access the file 'C:\Users\amrgh\znet\personalportfolio\personalportfolio\bin\Debug\net10.0\personalportfolio.exe' because it is being used by another process. The file is locked by: "personalportfolio (39240)" [C:\Users\amrgh\znet\personalportfolio\personalportfolio\personalportfolio.csproj]
C:\Program Files\dotnet\sdk\10.0.202\Microsoft.Common.CurrentVersion.targets(5395,5): warning MSB3026: Could not copy "C:\Users\amrgh\znet\personalportfolio\personalportfolio\obj\Debug\net10.0\apphost.exe" to "bin\Debug\net10.0\personalportfolio.exe". Beginning retry 8 in 1000ms. The process cannot access the file 'C:\Users\amrgh\znet\personalportfolio\personalportfolio\bin\Debug\net10.0\personalportfolio.exe' because it is being used by another process. The file is locked by: "personalportfolio (39240)" [C:\Users\amrgh\znet\personalportfolio\personalportfolio\personalportfolio.csproj]
C:\Program Files\dotnet\sdk\10.0.202\Microsoft.Common.CurrentVersion.targets(5395,5): warning MSB3026: Could not copy "C:\Users\amrgh\znet\personalportfolio\personalportfolio\obj\Debug\net10.0\apphost.exe" to "bin\Debug\net10.0\personalportfolio.exe". Beginning retry 9 in 1000ms. The process cannot access the file 'C:\Users\amrgh\znet\personalportfolio\personalportfolio\bin\Debug\net10.0\personalportfolio.exe' because it is being used by another process. The file is locked by: "personalportfolio (39240)" [C:\Users\amrgh\znet\personalportfolio\personalportfolio\personalportfolio.csproj]
C:\Program Files\dotnet\sdk\10.0.202\Microsoft.Common.CurrentVersion.targets(5395,5): warning MSB3026: Could not copy "C:\Users\amrgh\znet\personalportfolio\personalportfolio\obj\Debug\net10.0\apphost.exe" to "bin\Debug\net10.0\personalportfolio.exe". Beginning retry 10 in 1000ms. The process cannot access the file 'C:\Users\amrgh\znet\personalportfolio\personalportfolio\bin\Debug\net10.0\personalportfolio.exe' because it is being used by another process. The file is locked by: "personalportfolio (39240)" [C:\Users\amrgh\znet\personalportfolio\personalportfolio\personalportfolio.csproj]
C:\Program Files\dotnet\sdk\10.0.202\Microsoft.Common.CurrentVersion.targets(5395,5): error MSB3027: Could not copy "C:\Users\amrgh\znet\personalportfolio\personalportfolio\obj\Debug\net10.0\apphost.exe" to "bin\Debug\net10.0\personalportfolio.exe". Exceeded retry count of 10. Failed. The file is locked by: "personalportfolio (39240)" [C:\Users\amrgh\znet\personalportfolio\personalportfolio\personalportfolio.csproj]
C:\Program Files\dotnet\sdk\10.0.202\Microsoft.Common.CurrentVersion.targets(5395,5): error MSB3021: Unable to copy file "C:\Users\amrgh\znet\personalportfolio\personalportfolio\obj\Debug\net10.0\apphost.exe" to "bin\Debug\net10.0\personalportfolio.exe". The process cannot access the file 'C:\Users\amrgh\znet\personalportfolio\personalportfolio\bin\Debug\net10.0\personalportfolio.exe' because it is being used by another process. [C:\Users\amrgh\znet\personalportfolio\personalportfolio\personalportfolio.csproj]

Build FAILED.

C:\Users\amrgh\znet\personalportfolio\personalportfolio\personalportfolio.csproj : warning NU1510: PackageReference Microsoft.AspNetCore.Components.Web will not be pruned. Consider removing this package from your dependencies, as it is likely unnecessary.
C:\Users\amrgh\znet\personalportfolio\personalportfolio\personalportfolio.csproj : warning NU1510: PackageReference Microsoft.AspNetCore.Components.Web will not be pruned. Consider removing this package from your dependencies, as it is likely unnecessary.
C:\Program Files\dotnet\sdk\10.0.202\Microsoft.Common.CurrentVersion.targets(5395,5): warning MSB3026: Could not copy "C:\Users\amrgh\znet\personalportfolio\personalportfolio\obj\Debug\net10.0\apphost.exe" to "bin\Debug\net10.0\personalportfolio.exe". Beginning retry 1 in 1000ms. The process cannot access the file 'C:\Users\amrgh\znet\personalportfolio\personalportfolio\bin\Debug\net10.0\personalportfolio.exe' because it is being used by another process. The file is locked by: "personalportfolio (39240)" [C:\Users\amrgh\znet\personalportfolio\personalportfolio\personalportfolio.csproj]
C:\Program Files\dotnet\sdk\10.0.202\Microsoft.Common.CurrentVersion.targets(5395,5): warning MSB3026: Could not copy "C:\Users\amrgh\znet\personalportfolio\personalportfolio\obj\Debug\net10.0\apphost.exe" to "bin\Debug\net10.0\personalportfolio.exe". Beginning retry 2 in 1000ms. The process cannot access the file 'C:\Users\amrgh\znet\personalportfolio\personalportfolio\bin\Debug\net10.0\personalportfolio.exe' because it is being used by another process. The file is locked by: "personalportfolio (39240)" [C:\Users\amrgh\znet\personalportfolio\personalportfolio\personalportfolio.csproj]
C:\Program Files\dotnet\sdk\10.0.202\Microsoft.Common.CurrentVersion.targets(5395,5): warning MSB3026: Could not copy "C:\Users\amrgh\znet\personalportfolio\personalportfolio\obj\Debug\net10.0\apphost.exe" to "bin\Debug\net10.0\personalportfolio.exe". Beginning retry 3 in 1000ms. The process cannot access the file 'C:\Users\amrgh\znet\personalportfolio\personalportfolio\bin\Debug\net10.0\personalportfolio.exe' because it is being used by another process. The file is locked by: "personalportfolio (39240)" [C:\Users\amrgh\znet\personalportfolio\personalportfolio\personalportfolio.csproj]
C:\Program Files\dotnet\sdk\10.0.202\Microsoft.Common.CurrentVersion.targets(5395,5): warning MSB3026: Could not copy "C:\Users\amrgh\znet\personalportfolio\personalportfolio\obj\Debug\net10.0\apphost.exe" to "bin\Debug\net10.0\personalportfolio.exe". Beginning retry 4 in 1000ms. The process cannot access the file 'C:\Users\amrgh\znet\personalportfolio\personalportfolio\bin\Debug\net10.0\personalportfolio.exe' because it is being used by another process. The file is locked by: "personalportfolio (39240)" [C:\Users\amrgh\znet\personalportfolio\personalportfolio\personalportfolio.csproj]
C:\Program Files\dotnet\sdk\10.0.202\Microsoft.Common.CurrentVersion.targets(5395,5): warning MSB3026: Could not copy "C:\Users\amrgh\znet\personalportfolio\personalportfolio\obj\Debug\net10.0\apphost.exe" to "bin\Debug\net10.0\personalportfolio.exe". Beginning retry 5 in 1000ms. The process cannot access the file 'C:\Users\amrgh\znet\personalportfolio\personalportfolio\bin\Debug\net10.0\personalportfolio.exe' because it is being used by another process. The file is locked by: "personalportfolio (39240)" [C:\Users\amrgh\znet\personalportfolio\personalportfolio\personalportfolio.csproj]
C:\Program Files\dotnet\sdk\10.0.202\Microsoft.Common.CurrentVersion.targets(5395,5): warning MSB3026: Could not copy "C:\Users\amrgh\znet\personalportfolio\personalportfolio\obj\Debug\net10.0\apphost.exe" to "bin\Debug\net10.0\personalportfolio.exe". Beginning retry 6 in 1000ms. The process cannot access the file 'C:\Users\amrgh\znet\personalportfolio\personalportfolio\bin\Debug\net10.0\personalportfolio.exe' because it is being used by another process. The file is locked by: "personalportfolio (39240)" [C:\Users\amrgh\znet\personalportfolio\personalportfolio\personalportfolio.csproj]
C:\Program Files\dotnet\sdk\10.0.202\Microsoft.Common.CurrentVersion.targets(5395,5): warning MSB3026: Could not copy "C:\Users\amrgh\znet\personalportfolio\personalportfolio\obj\Debug\net10.0\apphost.exe" to "bin\Debug\net10.0\personalportfolio.exe". Beginning retry 7 in 1000ms. The process cannot access the file 'C:\Users\amrgh\znet\personalportfolio\personalportfolio\bin\Debug\net10.0\personalportfolio.exe' because it is being used by another process. The file is locked by: "personalportfolio (39240)" [C:\Users\amrgh\znet\personalportfolio\personalportfolio\personalportfolio.csproj]
C:\Program Files\dotnet\sdk\10.0.202\Microsoft.Common.CurrentVersion.targets(5395,5): warning MSB3026: Could not copy "C:\Users\amrgh\znet\personalportfolio\personalportfolio\obj\Debug\net10.0\apphost.exe" to "bin\Debug\net10.0\personalportfolio.exe". Beginning retry 8 in 1000ms. The process cannot access the file 'C:\Users\amrgh\znet\personalportfolio\personalportfolio\bin\Debug\net10.0\personalportfolio.exe' because it is being used by another process. The file is locked by: "personalportfolio (39240)" [C:\Users\amrgh\znet\personalportfolio\personalportfolio\personalportfolio.csproj]
C:\Program Files\dotnet\sdk\10.0.202\Microsoft.Common.CurrentVersion.targets(5395,5): warning MSB3026: Could not copy "C:\Users\amrgh\znet\personalportfolio\personalportfolio\obj\Debug\net10.0\apphost.exe" to "bin\Debug\net10.0\personalportfolio.exe". Beginning retry 9 in 1000ms. The process cannot access the file 'C:\Users\amrgh\znet\personalportfolio\personalportfolio\bin\Debug\net10.0\personalportfolio.exe' because it is being used by another process. The file is locked by: "personalportfolio (39240)" [C:\Users\amrgh\znet\personalportfolio\personalportfolio\personalportfolio.csproj]
C:\Program Files\dotnet\sdk\10.0.202\Microsoft.Common.CurrentVersion.targets(5395,5): warning MSB3026: Could not copy "C:\Users\amrgh\znet\personalportfolio\personalportfolio\obj\Debug\net10.0\apphost.exe" to "bin\Debug\net10.0\personalportfolio.exe". Beginning retry 10 in 1000ms. The process cannot access the file 'C:\Users\amrgh\znet\personalportfolio\personalportfolio\bin\Debug\net10.0\personalportfolio.exe' because it is being used by another process. The file is locked by: "personalportfolio (39240)" [C:\Users\amrgh\znet\personalportfolio\personalportfolio\personalportfolio.csproj]
C:\Program Files\dotnet\sdk\10.0.202\Microsoft.Common.CurrentVersion.targets(5395,5): error MSB3027: Could not copy "C:\Users\amrgh\znet\personalportfolio\personalportfolio\obj\Debug\net10.0\apphost.exe" to "bin\Debug\net10.0\personalportfolio.exe". Exceeded retry count of 10. Failed. The file is locked by: "personalportfolio (39240)" [C:\Users\amrgh\znet\personalportfolio\personalportfolio\personalportfolio.csproj]
C:\Program Files\dotnet\sdk\10.0.202\Microsoft.Common.CurrentVersion.targets(5395,5): error MSB3021: Unable to copy file "C:\Users\amrgh\znet\personalportfolio\personalportfolio\obj\Debug\net10.0\apphost.exe" to "bin\Debug\net10.0\personalportfolio.exe". The process cannot access the file 'C:\Users\amrgh\znet\personalportfolio\personalportfolio\bin\Debug\net10.0\personalportfolio.exe' because it is being used by another process. [C:\Users\amrgh\znet\personalportfolio\personalportfolio\personalportfolio.csproj]
    12 Warning(s)
    2 Error(s)

Time Elapsed 00:00:13.50
